2025-07-07 11:45:02,298 - INFO - 📤 Envoi de la question 1: Quels clients ont commandé des produits en avril 2024 ?
2025-07-07 11:45:40,205 - INFO - HTTP Request: POST http://localhost:11434/api/chat "HTTP/1.1 200 OK"
2025-07-07 11:45:40,205 - INFO - 📥 Réponse NLP brute reçue
2025-07-07 11:45:40,205 - INFO - ✅ JSON structuré : {"intention": "", "tables": [], "colonnes": [], "filtres": [], "jointures": [], "agregation": ""}
2025-07-07 11:45:40,215 - INFO - 📤 Envoi de la question 2: Quelle est la commande la plus récente ?
2025-07-07 11:46:19,543 - INFO - HTTP Request: POST http://localhost:11434/api/chat "HTTP/1.1 200 OK"
2025-07-07 11:46:19,552 - INFO - 📥 Réponse NLP brute reçue
2025-07-07 11:46:19,552 - INFO - ✅ JSON structuré : {"intention": "", "tables": [], "colonnes": [], "filtres": [], "jointures": [], "agregation": ""}
2025-07-07 11:46:19,552 - INFO - 📤 Envoi de la question 3: Donne-moi les produits commandés par le client Involys.
2025-07-07 11:57:00,839 - INFO - 📤 Question 1: Combien de produits différents a chaque client commandé ?
2025-07-07 11:57:00,845 - ERROR - ❌ Erreur pour la question 1 : Combien de produits différents a chaque client commandé ? - name 'analyser_question_mistral' is not defined
2025-07-07 11:57:00,848 - INFO - 📤 Question 2: Liste les commandes groupées par produit.
2025-07-07 11:57:00,849 - ERROR - ❌ Erreur pour la question 2 : Liste les commandes groupées par produit. - name 'analyser_question_mistral' is not defined
2025-07-07 11:57:00,851 - INFO - 📤 Question 3: Donne-moi la commande avec le montant maximum.
2025-07-07 11:57:00,851 - ERROR - ❌ Erreur pour la question 3 : Donne-moi la commande avec le montant maximum. - name 'analyser_question_mistral' is not defined
2025-07-07 11:57:00,856 - INFO - 📤 Question 4: Quels produits ont été commandés par les clients de Rabat ?
2025-07-07 11:57:00,857 - ERROR - ❌ Erreur pour la question 4 : Quels produits ont été commandés par les clients de Rabat ? - name 'analyser_question_mistral' is not defined
2025-07-07 11:57:00,860 - INFO - 📤 Question 5: Quelles sont les catégories les plus commandées ?
2025-07-07 11:57:00,863 - ERROR - ❌ Erreur pour la question 5 : Quelles sont les catégories les plus commandées ? - name 'analyser_question_mistral' is not defined
2025-07-07 11:57:00,865 - INFO - 📤 Question 6: Quels clients ont commandé plus de 3 fois ?
2025-07-07 11:57:00,865 - ERROR - ❌ Erreur pour la question 6 : Quels clients ont commandé plus de 3 fois ? - name 'analyser_question_mistral' is not defined
2025-07-07 11:57:00,872 - INFO - 📤 Question 7: Quelles commandes concernent des produits à plus de 500 MAD ?
2025-07-07 11:57:00,873 - ERROR - ❌ Erreur pour la question 7 : Quelles commandes concernent des produits à plus de 500 MAD ? - name 'analyser_question_mistral' is not defined
2025-07-07 11:57:00,877 - INFO - 📤 Question 8: Liste des clients ayant commandé en mars 2023.
2025-07-07 11:57:00,879 - ERROR - ❌ Erreur pour la question 8 : Liste des clients ayant commandé en mars 2023. - name 'analyser_question_mistral' is not defined
2025-07-07 11:57:00,882 - INFO - 📤 Question 9: Combien de commandes ont été passées par secteur ?
2025-07-07 11:57:00,882 - ERROR - ❌ Erreur pour la question 9 : Combien de commandes ont été passées par secteur ? - name 'analyser_question_mistral' is not defined
2025-07-07 11:57:25,599 - INFO - 📤 Question 1: Combien de produits différents a chaque client commandé ?
2025-07-07 11:58:21,832 - INFO - HTTP Request: POST http://localhost:11434/api/chat "HTTP/1.1 200 OK"
2025-07-07 11:58:21,857 - INFO - 🧠 Réponse NLP reçue (question 1):
INTENTION:
Trouver le nombre de produits différents commandés par chaque client.

TABLES:
[commandes]
[clients]

COLONNES:
[commandes.id, commandes.date_commande, clients.nom, commandes.produit_id]
[clients.id, clients.secteur, clients.ville]

FILTRES: 
[]

JOINTURES:
[commandes.client_id = clients.id]

AGRÉGATION:
Utiliser GROUP BY pour regrouper les produits par client et compter le nombre de produits différents pour chaque client.
2025-07-07 11:58:21,857 - INFO - ✅ Question 1 analysée avec succès.
2025-07-07 11:58:21,865 - INFO - 📤 Question 2: Liste les commandes groupées par produit.
2025-07-07 11:58:49,372 - INFO - HTTP Request: POST http://localhost:11434/api/chat "HTTP/1.1 200 OK"
2025-07-07 11:58:49,375 - INFO - 🧠 Réponse NLP reçue (question 2):
INTENTION: Listes des commandes groupées par produit.

TABLES:
[commandes]
[produits]

COLONNES:
[commandes.id, 
commandes.date_commande, 
commandes.montant, 
commandes.produit_id]  
[produits.id, 
produits.nom, 
produits.categorie, 
produits.prix_unitaire]  

FILTRES: [] (pas de filtres spécifiques)

JOINTURES:
[]
(une jointure est nécessaire pour lier les commandes et produits)
[commandes.produit_id = produces.id]

AGRÉGATION:
GROUP BY
  [commandes.produit_id]
2025-07-07 11:58:49,379 - INFO - ✅ Question 2 analysée avec succès.
2025-07-07 11:58:49,379 - INFO - 📤 Question 3: Donne-moi la commande avec le montant maximum.
2025-07-07 11:59:13,117 - INFO - HTTP Request: POST http://localhost:11434/api/chat "HTTP/1.1 200 OK"
2025-07-07 11:59:13,119 - INFO - 🧠 Réponse NLP reçue (question 3):
INTENTION: Retourner la commande avec le montant maximum pour chaque client.

TABLES:
[commandes]
[clients]

COLONNES:
[commandes.id, commandes.date_commande, commandes.montant, commandes.client_id, clients.nom, clients.secteur, clients.ville]
[clients.id, clients.nom, clients.secteur, clients.ville]

FILTRES: 
EXTRACT(MONTH FROM commandes.date_commande) BETWEEN 1 AND 12 

JOINTURES:
[commandes.client_id = clients.id]
2025-07-07 11:59:13,121 - INFO - ✅ Question 3 analysée avec succès.
2025-07-07 11:59:13,125 - INFO - 📤 Question 4: Quels produits ont été commandés par les clients de Rabat ?
2025-07-07 11:59:46,026 - INFO - HTTP Request: POST http://localhost:11434/api/chat "HTTP/1.1 200 OK"
2025-07-07 11:59:46,030 - INFO - 🧠 Réponse NLP reçue (question 4):
**INTENTION**
Retrouver les produits commandés par les clients de Rabat.

**TABLES**
[commandes, clients, produits]

**COLONNES**
[commandes.id, commandes.date_commande, commandes.montant, commandes.client_id, commandes.produit_id]
[clients.id, clients.nom, clients.secteur, clients.ville]
[produits.id, produits.nom, produits.categorie, produits.prix_unitaire]

**FILTRES**
[commandes.client_id = (SELECT id FROM clients WHERE ville = 'Rabat')]

**JOINTURES**
[(commandes.client_id), (commandes.produit_id)]

Note: Je n'ai pas inclus les jointures avec les autres tables (clients et produits) dans la liste des jointures, car la question ne demande qu'un produit par client. Cependant, il est possible d'inclure ces jointures si besoin pour une analyse plus approfondie ou pour générer une requête complète.
2025-07-07 11:59:46,033 - INFO - ✅ Question 4 analysée avec succès.
2025-07-07 11:59:46,037 - INFO - 📤 Question 5: Quelles sont les catégories les plus commandées ?
2025-07-07 12:00:15,154 - INFO - HTTP Request: POST http://localhost:11434/api/chat "HTTP/1.1 200 OK"
2025-07-07 12:00:15,156 - INFO - 🧠 Réponse NLP reçue (question 5):
INTENTION : Afficher les catégories des commandes les plus commandées

TABLES :
- commandes
- produits

COLONNES :
- commandes.id
- commandes.date_commande
- produits.categorie
- commandes.montant
- produits.prix_unitaire

FILTRES: (aucun filtrage supplémentaire requis)

JOINTURES :
- produit_id (commandes.produit_id) = id (produits)

AGRÉGATION :
- Utilisation de la fonction `MAX` pour obtenir le montant total par catégorie
- Utilisation de la fonction `GROUP BY` pour grouper les commandes par catégorie
- Utilisation de la fonction `ORDER BY` pour ordonner les résultats par catégorie et quantité
2025-07-07 12:00:15,158 - INFO - ✅ Question 5 analysée avec succès.
2025-07-07 12:00:15,163 - INFO - 📤 Question 6: Quels clients ont commandé plus de 3 fois ?
2025-07-07 12:00:53,803 - INFO - HTTP Request: POST http://localhost:11434/api/chat "HTTP/1.1 200 OK"
2025-07-07 12:00:53,807 - INFO - 🧠 Réponse NLP reçue (question 6):
**INTENTION**
Rechercher les clients qui ont commandé plus de 3 fois.

**TABLES**

*   commandes
*   clients
*   produits

**COLONNES**

*   commandes.id
*   commandes.date_commande
*   commandes.montant
*   commandes.client_id
*   clients.nom

**FILTRES**

*   `commandes.client_id IN (SELECT client_id FROM commandes GROUP BY client_id HAVING COUNT(*) > 3)`

**JOINTURES**

*   `commandes` et `clients` sur la colonne `client_id`

**AGRÉGATION**
-   COUNT
-   GROUP BY

**REQUÈTE SQL**
```sql
SELECT c.nom, COUNT(DISTINCT cm.id) as nombre_commandes
FROM commandes cm
JOIN clients c ON cm.client_id = c.id
GROUP BY c.nom
HAVING COUNT(DISTINCT cm.id) > 3;
```

Cette requête SQL utilise les informations du schéma fournis pour analyser la question et générer une requête qui répond aux conditions nécessaires.
2025-07-07 12:00:53,809 - INFO - ✅ Question 6 analysée avec succès.
2025-07-07 12:00:53,810 - INFO - 📤 Question 7: Quelles commandes concernent des produits à plus de 500 MAD ?
2025-07-07 12:01:18,920 - INFO - HTTP Request: POST http://localhost:11434/api/chat "HTTP/1.1 200 OK"
2025-07-07 12:01:18,923 - INFO - 🧠 Réponse NLP reçue (question 7):
INTENTION: Extraire les informations nécessaires pour générer une requête SQL pour répondre à la question "Quelles commandes concernent des produits à plus de 500 MAD ?"

TABLES:
- commandes
- produits

COLONNES:
- commandes.id
- commandes.date_commande
- commandes.montant
- produits.id
- produits.prix_unitaire
- commandes.produit_id

FILTRES: [commandes.montant > 500]
JOINTURES: 
  - commandes INNER JOIN produits ON commandes.produit_id = produits.id

AGRÉGATION: non requise
2025-07-07 12:01:18,924 - INFO - ✅ Question 7 analysée avec succès.
2025-07-07 12:01:18,927 - INFO - 📤 Question 8: Liste des clients ayant commandé en mars 2023.
2025-07-07 12:01:59,398 - INFO - HTTP Request: POST http://localhost:11434/api/chat "HTTP/1.1 200 OK"
2025-07-07 12:01:59,402 - INFO - 🧠 Réponse NLP reçue (question 8):
**INTENTION**
Liste des clients ayant commandé en mars 2023.

**TABLES**
[commandes, clients]

**COLONNES**
[commandes.id, commandes.date_commande, clients.nom, clients.secteur, clients.ville]

**FILTRES**
[EXTRACT(MONTH FROM commandes.date_commande) = 3, EXTRACT(YEAR FROM commandes.date_commande) = 2023]

**JOINTURES**
[commandes.client_id = clients.id]

**AGRÉGATION**
N/A

Pour générer la requête SQL, nous utiliserons les informations suivantes :

* Les utilisateurs ayant commandé en mars 2023 doivent appartenir à la table "commandes".
* La date de commande est filtrée pour correspondre au mois mars et à l'année 2023.
* La clé étrangère "client_id" relie les commandes aux clients.

La requête SQL serait donc :

```sql
SELECT 
    c.id, c.date_commande, c.client_id,
    cl.nom AS nom_client, cl.secteur, cl.ville
FROM 
    commandes c
INNER JOIN 
    clients cl ON c.client_id = cl.id
WHERE 
    EXTRACT(MONTH FROM c.date_commande) = 3 AND EXTRACT(YEAR FROM c.date_commande) = 2023;
```

Cette requête sélectionnera les informations des clients ayant commandé en mars 2023, y compris leurs nom, secteur et ville.
2025-07-07 12:01:59,403 - INFO - ✅ Question 8 analysée avec succès.
2025-07-07 12:01:59,406 - INFO - 📤 Question 9: Combien de commandes ont été passées par secteur ?
2025-07-07 12:02:22,813 - INFO - HTTP Request: POST http://localhost:11434/api/chat "HTTP/1.1 200 OK"
2025-07-07 12:02:22,816 - INFO - 🧠 Réponse NLP reçue (question 9):
INTENTION:
Rechercher le nombre de commandes passées par secteur.

TABLES:
[commandes, clients]

COLONNES:
[commandes.id, commandes.date_commande, commandes.montant, commandes.client_id, commandes.produit_id,
clients.id, clients.nom, clients.secteur]

FILTRES: 
[clients.secteur IS NOT NULL]  -> 1ère condition

JOINTURES: [clients.id = commandes.client_id] 

AGRÉGATION:
GRUPPER BY 'clients.secteur'
2025-07-07 12:02:22,818 - INFO - ✅ Question 9 analysée avec succès.
2025-07-07 13:30:21,565 - INFO - HTTP Request: POST http://localhost:11434/api/chat "HTTP/1.1 200 OK"
2025-07-07 13:34:54,163 - INFO - HTTP Request: POST http://localhost:11434/api/chat "HTTP/1.1 200 OK"
2025-07-07 13:36:09,465 - INFO - HTTP Request: POST http://localhost:11434/api/chat "HTTP/1.1 200 OK"
2025-07-07 13:38:43,207 - INFO - HTTP Request: POST http://localhost:11434/api/chat "HTTP/1.1 200 OK"
2025-07-07 13:40:20,357 - INFO - HTTP Request: POST http://localhost:11434/api/chat "HTTP/1.1 200 OK"
